(
    version: (0, 0, 1),
    program: (
        types: {
            0: I32,
        },
        funclets: {
            0: (
                kind: MixedImplicit,
                input_types: [],
                output_types: [],
                nodes: [],
                tail_edge: Return(
                    return_values: [],
                ),
                input_resource_states: [],
                output_resource_states: [],
                local_meta_variables: {},
            ),
            1: (
                kind: MixedImplicit,
                input_types: [
                    0,
                ],
                output_types: [
                    0,
                ],
                nodes: [
                    Phi(
                        index: 0,
                    ),// [0]
                    CallExternalCpu(
                        external_function_id: 0,
                        arguments: [
                            0,
                        ],
                    ),// [1]
                    ExtractResult(
                        node_id: 1,
                        index: 0,
                    ),
                ],
                tail_edge: Return(
                    return_values: [
                        2,
                    ],
                ),
                input_resource_states: [],
                output_resource_states: [],
                local_meta_variables: {},
            ),
            2: (
                kind: MixedImplicit,
                input_types: [
                    0,
                ],
                output_types: [
                    0,
                ],
                nodes: [
                    Phi(
                        index: 0,
                    ),// [0]
                    CallExternalCpu(
                        external_function_id: 0,
                        arguments: [
                            0,
                        ],
                    ),// [1]
                    ExtractResult(
                        node_id: 1,
                        index: 0,
                    ),
                ],
                tail_edge: Return(
                    return_values: [
                        0,// [0]
                        2,
                    ],
                ),
                input_resource_states: [],
                output_resource_states: [],
                local_meta_variables: {},
            ),
            3: (
                kind: MixedImplicit,
                input_types: [
                    0,
                ],
                output_types: [
                    0,// [0]
                    0,
                ],
                nodes: [
                    Phi(
                        index: 0,
                    ),// [0]
                    CallExternalCpu(
                        external_function_id: 0,
                        arguments: [
                            0,// [0]
                            0,
                        ],
                    ),
                ],
                tail_edge: Return(
                    return_values: [
                        1,
                    ],
                ),
                input_resource_states: [],
                output_resource_states: [],
                local_meta_variables: {},
            ),
            4: (
                kind: MixedImplicit,
                input_types: [
                    0,
                ],
                output_types: [
                    0,// [0]
                    0,
                ],
                nodes: [
                    Phi(
                        index: 0,
                    ),
                ],
                tail_edge: Return(
                    return_values: [
                        0,// [0]
                        0,
                    ],
                ),
                input_resource_states: [],
                output_resource_states: [],
                local_meta_variables: {},
            ),
            5: (
                kind: MixedImplicit,
                input_types: [
                    0,
                ],
                output_types: [
                    0,// [0]
                    0,
                ],
                nodes: [
                    Phi(
                        index: 0,
                    ),// [0]
                    CallExternalCpu(
                        external_function_id: 0,
                        arguments: [
                            0,
                        ],
                    ),
                ],
                tail_edge: Return(
                    return_values: [
                        1,// [0]
                        1,
                    ],
                ),
                input_resource_states: [],
                output_resource_states: [],
                local_meta_variables: {},
            ),
            6: (
                kind: MixedImplicit,
                input_types: [
                    0,
                ],
                output_types: [
                    0,// [0]
                    0,
                ],
                nodes: [
                    Phi(
                        index: 0,
                    ),// [0]
                    CallExternalCpu(
                        external_function_id: 0,
                        arguments: [
                            0,
                        ],
                    ),
                ],
                tail_edge: Return(
                    return_values: [
                        1,// [0]
                        1,
                    ],
                ),
                input_resource_states: [],
                output_resource_states: [],
                local_meta_variables: {},
            ),
            7: (
                kind: MixedImplicit,
                input_types: [
                    0,
                ],
                output_types: [
                    0,// [0]
                    0,
                ],
                nodes: [
                    Phi(
                        index: 0,
                    ),// [0]
                    CallExternalCpu(
                        external_function_id: 0,
                        arguments: [
                            0,
                        ],
                    ),// [1]
                    ExtractResult(
                        node_id: 1,
                        index: 0,
                    ),// [2]
                    CallExternalCpu(
                        external_function_id: 0,
                        arguments: [
                            1,// [0]
                            2,
                        ],
                    ),// [3]
                    CallExternalCpu(
                        external_function_id: 0,
                        arguments: [
                            3,// [0]
                            3,
                        ],
                    ),
                ],
                tail_edge: Return(
                    return_values: [
                        1,// [0]
                        4,
                    ],
                ),
                input_resource_states: [],
                output_resource_states: [],
                local_meta_variables: {},
            ),
        },
        external_cpu_functions: [],
        external_gpu_functions: [],
        value_functions: {},
        pipelines: [],
    ),
)