(
    version: (0, 0, 1),
    program: (
        types: {
            0: I32,
            1: U32,
        },
        funclets: {
            0: (
                kind: MixedImplicit,
                input_types: [
                    0,// [0]
                    0,
                ],
                output_types: [
                    0,
                ],
                nodes: [
                    Phi(
                        index: 1,
                    ),// [0]
                    Phi(
                        index: 0,
                    ),// [1]
                    Binop(
                        kind: Add,
                        arg0: 1,
                        arg1: 0,
                    ),
                ],
                tail_edge: Return(
                    return_values: [
                        2,
                    ],
                ),
                input_resource_states: [],
                output_resource_states: [],
                local_meta_variables: {},
            ),
            1: (
                kind: MixedImplicit,
                input_types: [
                    0,
                ],
                output_types: [
                    0,// [0]
                    0,
                ],
                nodes: [
                    ConstantInteger(
                        value: 10,
                        type_id: 0,
                    ),// [0]
                    Phi(
                        index: 0,
                    ),// [1]
                    Binop(
                        kind: Add,
                        arg0: 1,
                        arg1: 0,
                    ),
                ],
                tail_edge: Return(
                    return_values: [
                        2,// [0]
                        2,
                    ],
                ),
                input_resource_states: [],
                output_resource_states: [],
                local_meta_variables: {},
            ),
            2: (
                kind: MixedImplicit,
                input_types: [
                    1,
                ],
                output_types: [
                    1,// [0]
                    1,
                ],
                nodes: [
                    ConstantUnsignedInteger(
                        value: 10,
                        type_id: 0,
                    ),// [0]
                    Phi(
                        index: 0,
                    ),// [1]
                    Binop(
                        kind: Add,
                        arg0: 1,
                        arg1: 0,
                    ),
                ],
                tail_edge: Return(
                    return_values: [
                        2,// [0]
                        2,
                    ],
                ),
                input_resource_states: [],
                output_resource_states: [],
                local_meta_variables: {},
            ),
            3: (
                kind: MixedImplicit,
                input_types: [
                    0,
                ],
                output_types: [
                    0,// [0]
                    0,
                ],
                nodes: [
                    Phi(
                        index: 0,
                    ),
                ],
                tail_edge: Return(
                    return_values: [
                        0,// [0]
                        0,
                    ],
                ),
                input_resource_states: [],
                output_resource_states: [],
                local_meta_variables: {},
            ),
            4: (
                kind: MixedImplicit,
                input_types: [
                    1,
                ],
                output_types: [
                    1,// [0]
                    1,
                ],
                nodes: [
                    Phi(
                        index: 0,
                    ),
                ],
                tail_edge: Return(
                    return_values: [
                        0,// [0]
                        0,
                    ],
                ),
                input_resource_states: [],
                output_resource_states: [],
                local_meta_variables: {},
            ),
            5: (
                kind: MixedImplicit,
                input_types: [],
                output_types: [
                    0,
                ],
                nodes: [
                    ConstantInteger(
                        value: 20,
                        type_id: 0,
                    ),
                ],
                tail_edge: Return(
                    return_values: [
                        0,
                    ],
                ),
                input_resource_states: [],
                output_resource_states: [],
                local_meta_variables: {},
            ),
            6: (
                kind: MixedImplicit,
                input_types: [],
                output_types: [
                    1,
                ],
                nodes: [
                    ConstantUnsignedInteger(
                        value: 37,
                        type_id: 1,
                    ),
                ],
                tail_edge: Return(
                    return_values: [
                        0,
                    ],
                ),
                input_resource_states: [],
                output_resource_states: [],
                local_meta_variables: {},
            ),
            7: (
                kind: MixedImplicit,
                input_types: [
                    1,
                ],
                output_types: [
                    0,
                ],
                nodes: [
                    ConstantUnsignedInteger(
                        value: 82,
                        type_id: 1,
                    ),// [0]
                    Phi(
                        index: 0,
                    ),// [1]
                    Binop(
                        kind: Add,
                        arg0: 1,
                        arg1: 0,
                    ),// [2]
                    ConstantUnsignedInteger(
                        value: 81,
                        type_id: 1,
                    ),// [3]
                    Binop(
                        kind: Add,
                        arg0: 1,
                        arg1: 3,
                    ),// [4]
                    CallExternalCpu(
                        external_function_id: 0,
                        arguments: [
                            4,// [0]
                            2,
                        ],
                    ),
                ],
                tail_edge: Return(
                    return_values: [
                        5,
                    ],
                ),
                input_resource_states: [],
                output_resource_states: [],
                local_meta_variables: {},
            ),
            8: (
                kind: MixedImplicit,
                input_types: [
                    0,
                ],
                output_types: [
                    0,
                ],
                nodes: [
                    Phi(
                        index: 0,
                    ),
                ],
                tail_edge: Return(
                    return_values: [
                        0,
                    ],
                ),
                input_resource_states: [],
                output_resource_states: [],
                local_meta_variables: {},
            ),
            9: (
                kind: MixedImplicit,
                input_types: [
                    0,
                ],
                output_types: [
                    0,
                ],
                nodes: [
                    ConstantInteger(
                        value: 5,
                        type_id: 0,
                    ),// [0]
                    ConstantInteger(
                        value: -5,
                        type_id: 0,
                    ),// [1]
                    Phi(
                        index: 0,
                    ),// [2]
                    Binop(
                        kind: Add,
                        arg0: 2,
                        arg1: 1,
                    ),// [3]
                    Binop(
                        kind: Add,
                        arg0: 3,
                        arg1: 0,
                    ),
                ],
                tail_edge: Return(
                    return_values: [
                        4,
                    ],
                ),
                input_resource_states: [],
                output_resource_states: [],
                local_meta_variables: {},
            ),
        },
        external_cpu_functions: [],
        external_gpu_functions: [],
        value_functions: {},
        pipelines: [],
    ),
)