Error: At bad_float.cm:3:15, 
  Parsing Error: Unrecognized token: '6', expected one of [
    "\"(\"",
    "\"?\"",
    "\"[\"",
    "\"false\"",
    "\"true\"",
    "r#\"[a-zA-Z][a-zA-Z0-9_]*\"#",
]
