Error: At tag_in_spec_out.cm:2:28, 
  Parsing Error: Unrecognized token: '@', expected one of [
    "\")\"",
    "\",\"",
    "\"const\"",
    "\"extern\"",
    "\"feq\"",
    "\"fn\"",
    "\"pipeline\"",
    "\"sptl\"",
    "\"tmln\"",
    "\"type\"",
    "\"val\"",
    "\"{\"",
    "\"}\"",
]
