Error: At tag_in_spec_type.cm:2:17, 
  Parsing Error: Unrecognized token: '@', expected one of [
    "\")\"",
    "\",\"",
]
