[
    SchedulingFunc {
        info: Info {
            start_ln_and_col: (
                2,
                1,
            ),
            end_ln_and_col: (
                8,
                2,
            ),
        },
        name: "f",
        input: [],
        output: Some(
            FullType {
                base: FlaggedType {
                    info: Info {
                        start_ln_and_col: (
                            2,
                            11,
                        ),
                        end_ln_and_col: (
                            2,
                            14,
                        ),
                    },
                    base: Num(
                        I32,
                    ),
                    flags: [],
                    settings: [],
                },
                tags: [],
            },
        ),
        specs: [
            "a",
            "b",
            "c",
        ],
        statements: [
            Call(
                Info {
                    start_ln_and_col: (
                        5,
                        5,
                    ),
                    end_ln_and_col: (
                        5,
                        9,
                    ),
                },
                SchedFuncCall {
                    target: Term(
                        Var {
                            info: Info {
                                start_ln_and_col: (
                                    5,
                                    5,
                                ),
                                end_ln_and_col: (
                                    5,
                                    6,
                                ),
                            },
                            name: "f",
                            tag: None,
                        },
                    ),
                    templates: None,
                    args: Args(
                        [],
                    ),
                    tag: None,
                },
            ),
            Call(
                Info {
                    start_ln_and_col: (
                        6,
                        5,
                    ),
                    end_ln_and_col: (
                        6,
                        35,
                    ),
                },
                SchedFuncCall {
                    target: Term(
                        Var {
                            info: Info {
                                start_ln_and_col: (
                                    6,
                                    5,
                                ),
                                end_ln_and_col: (
                                    6,
                                    6,
                                ),
                            },
                            name: "f",
                            tag: None,
                        },
                    ),
                    templates: Some(
                        Vals(
                            [
                                Term(
                                    Lit {
                                        info: Info {
                                            start_ln_and_col: (
                                                6,
                                                8,
                                            ),
                                            end_ln_and_col: (
                                                6,
                                                10,
                                            ),
                                        },
                                        lit: Int(
                                            "10",
                                        ),
                                    },
                                ),
                                Term(
                                    Lit {
                                        info: Info {
                                            start_ln_and_col: (
                                                6,
                                                12,
                                            ),
                                            end_ln_and_col: (
                                                6,
                                                14,
                                            ),
                                        },
                                        lit: Int(
                                            "20",
                                        ),
                                    },
                                ),
                            ],
                        ),
                    ),
                    args: Args(
                        [
                            Term(
                                Lit {
                                    info: Info {
                                        start_ln_and_col: (
                                            6,
                                            16,
                                        ),
                                        end_ln_and_col: (
                                            6,
                                            18,
                                        ),
                                    },
                                    lit: Int(
                                        "10",
                                    ),
                                    tag: None,
                                },
                            ),
                            Term(
                                Lit {
                                    info: Info {
                                        start_ln_and_col: (
                                            6,
                                            20,
                                        ),
                                        end_ln_and_col: (
                                            6,
                                            33,
                                        ),
                                    },
                                    lit: Array(
                                        [
                                            Term(
                                                Lit {
                                                    info: Info {
                                                        start_ln_and_col: (
                                                            6,
                                                            21,
                                                        ),
                                                        end_ln_and_col: (
                                                            6,
                                                            23,
                                                        ),
                                                    },
                                                    lit: Int(
                                                        "30",
                                                    ),
                                                    tag: None,
                                                },
                                            ),
                                            Term(
                                                Call(
                                                    Info {
                                                        start_ln_and_col: (
                                                            6,
                                                            25,
                                                        ),
                                                        end_ln_and_col: (
                                                            6,
                                                            28,
                                                        ),
                                                    },
                                                    SchedFuncCall {
                                                        target: Term(
                                                            Var {
                                                                info: Info {
                                                                    start_ln_and_col: (
                                                                        6,
                                                                        25,
                                                                    ),
                                                                    end_ln_and_col: (
                                                                        6,
                                                                        26,
                                                                    ),
                                                                },
                                                                name: "f",
                                                                tag: None,
                                                            },
                                                        ),
                                                        templates: None,
                                                        args: Args(
                                                            [],
                                                        ),
                                                        tag: None,
                                                    },
                                                ),
                                            ),
                                            Term(
                                                Lit {
                                                    info: Info {
                                                        start_ln_and_col: (
                                                            6,
                                                            30,
                                                        ),
                                                        end_ln_and_col: (
                                                            6,
                                                            32,
                                                        ),
                                                    },
                                                    lit: Int(
                                                        "40",
                                                    ),
                                                    tag: None,
                                                },
                                            ),
                                        ],
                                    ),
                                    tag: None,
                                },
                            ),
                        ],
                    ),
                    tag: None,
                },
            ),
            Return(
                Info {
                    start_ln_and_col: (
                        7,
                        5,
                    ),
                    end_ln_and_col: (
                        7,
                        16,
                    ),
                },
                Term(
                    Call(
                        Info {
                            start_ln_and_col: (
                                7,
                                12,
                            ),
                            end_ln_and_col: (
                                7,
                                15,
                            ),
                        },
                        SchedFuncCall {
                            target: Term(
                                Var {
                                    info: Info {
                                        start_ln_and_col: (
                                            7,
                                            12,
                                        ),
                                        end_ln_and_col: (
                                            7,
                                            13,
                                        ),
                                    },
                                    name: "f",
                                    tag: None,
                                },
                            ),
                            templates: None,
                            args: Args(
                                [],
                            ),
                            tag: None,
                        },
                    ),
                ),
            ),
        ],
    },
]
