[
    Const {
        info: Info {
            start_ln_and_col: (
                2,
                1,
            ),
            end_ln_and_col: (
                2,
                16,
            ),
        },
        name: "FOO",
        expr: Term(
            Lit {
                info: Info {
                    start_ln_and_col: (
                        2,
                        13,
                    ),
                    end_ln_and_col: (
                        2,
                        15,
                    ),
                },
                lit: Int(
                    "10",
                ),
            },
        ),
    },
    Const {
        info: Info {
            start_ln_and_col: (
                3,
                1,
            ),
            end_ln_and_col: (
                3,
                61,
            ),
        },
        name: "BAZ",
        expr: Term(
            Lit {
                info: Info {
                    start_ln_and_col: (
                        3,
                        13,
                    ),
                    end_ln_and_col: (
                        3,
                        61,
                    ),
                },
                lit: Array(
                    [
                        Term(
                            Lit {
                                info: Info {
                                    start_ln_and_col: (
                                        3,
                                        14,
                                    ),
                                    end_ln_and_col: (
                                        3,
                                        27,
                                    ),
                                },
                                lit: Array(
                                    [
                                        Term(
                                            Lit {
                                                info: Info {
                                                    start_ln_and_col: (
                                                        3,
                                                        15,
                                                    ),
                                                    end_ln_and_col: (
                                                        3,
                                                        19,
                                                    ),
                                                },
                                                lit: Bool(
                                                    true,
                                                ),
                                            },
                                        ),
                                        Term(
                                            Lit {
                                                info: Info {
                                                    start_ln_and_col: (
                                                        3,
                                                        21,
                                                    ),
                                                    end_ln_and_col: (
                                                        3,
                                                        26,
                                                    ),
                                                },
                                                lit: Bool(
                                                    false,
                                                ),
                                            },
                                        ),
                                    ],
                                ),
                            },
                        ),
                        Term(
                            Lit {
                                info: Info {
                                    start_ln_and_col: (
                                        3,
                                        29,
                                    ),
                                    end_ln_and_col: (
                                        3,
                                        60,
                                    ),
                                },
                                lit: Tuple(
                                    [
                                        Binop {
                                            info: Info {
                                                start_ln_and_col: (
                                                    3,
                                                    30,
                                                ),
                                                end_ln_and_col: (
                                                    3,
                                                    48,
                                                ),
                                            },
                                            op: Add,
                                            lhs: Binop {
                                                info: Info {
                                                    start_ln_and_col: (
                                                        3,
                                                        30,
                                                    ),
                                                    end_ln_and_col: (
                                                        3,
                                                        42,
                                                    ),
                                                },
                                                op: Add,
                                                lhs: Binop {
                                                    info: Info {
                                                        start_ln_and_col: (
                                                            3,
                                                            30,
                                                        ),
                                                        end_ln_and_col: (
                                                            3,
                                                            37,
                                                        ),
                                                    },
                                                    op: Add,
                                                    lhs: Term(
                                                        Lit {
                                                            info: Info {
                                                                start_ln_and_col: (
                                                                    3,
                                                                    30,
                                                                ),
                                                                end_ln_and_col: (
                                                                    3,
                                                                    32,
                                                                ),
                                                            },
                                                            lit: Int(
                                                                "10",
                                                            ),
                                                        },
                                                    ),
                                                    rhs: Term(
                                                        Lit {
                                                            info: Info {
                                                                start_ln_and_col: (
                                                                    3,
                                                                    35,
                                                                ),
                                                                end_ln_and_col: (
                                                                    3,
                                                                    37,
                                                                ),
                                                            },
                                                            lit: Int(
                                                                "20",
                                                            ),
                                                        },
                                                    ),
                                                },
                                                rhs: Term(
                                                    Lit {
                                                        info: Info {
                                                            start_ln_and_col: (
                                                                3,
                                                                40,
                                                            ),
                                                            end_ln_and_col: (
                                                                3,
                                                                42,
                                                            ),
                                                        },
                                                        lit: Int(
                                                            "30",
                                                        ),
                                                    },
                                                ),
                                            },
                                            rhs: Term(
                                                Var {
                                                    info: Info {
                                                        start_ln_and_col: (
                                                            3,
                                                            45,
                                                        ),
                                                        end_ln_and_col: (
                                                            3,
                                                            48,
                                                        ),
                                                    },
                                                    name: "FOO",
                                                },
                                            ),
                                        },
                                        Binop {
                                            info: Info {
                                                start_ln_and_col: (
                                                    3,
                                                    50,
                                                ),
                                                end_ln_and_col: (
                                                    3,
                                                    59,
                                                ),
                                            },
                                            op: Mul,
                                            lhs: Term(
                                                Var {
                                                    info: Info {
                                                        start_ln_and_col: (
                                                            3,
                                                            50,
                                                        ),
                                                        end_ln_and_col: (
                                                            3,
                                                            53,
                                                        ),
                                                    },
                                                    name: "FOO",
                                                },
                                            ),
                                            rhs: Term(
                                                Var {
                                                    info: Info {
                                                        start_ln_and_col: (
                                                            3,
                                                            56,
                                                        ),
                                                        end_ln_and_col: (
                                                            3,
                                                            59,
                                                        ),
                                                    },
                                                    name: "FOO",
                                                },
                                            ),
                                        },
                                    ],
                                ),
                            },
                        ),
                    ],
                ),
            },
        ),
    },
    Const {
        info: Info {
            start_ln_and_col: (
                4,
                1,
            ),
            end_ln_and_col: (
                4,
                26,
            ),
        },
        name: "Z",
        expr: Binop {
            info: Info {
                start_ln_and_col: (
                    4,
                    11,
                ),
                end_ln_and_col: (
                    4,
                    26,
                ),
            },
            op: Mul,
            lhs: Binop {
                info: Info {
                    start_ln_and_col: (
                        4,
                        11,
                    ),
                    end_ln_and_col: (
                        4,
                        20,
                    ),
                },
                op: Div,
                lhs: Term(
                    Var {
                        info: Info {
                            start_ln_and_col: (
                                4,
                                11,
                            ),
                            end_ln_and_col: (
                                4,
                                14,
                            ),
                        },
                        name: "FOO",
                    },
                ),
                rhs: Term(
                    Var {
                        info: Info {
                            start_ln_and_col: (
                                4,
                                17,
                            ),
                            end_ln_and_col: (
                                4,
                                20,
                            ),
                        },
                        name: "FOO",
                    },
                ),
            },
            rhs: Term(
                Var {
                    info: Info {
                        start_ln_and_col: (
                            4,
                            23,
                        ),
                        end_ln_and_col: (
                            4,
                            26,
                        ),
                    },
                    name: "BAZ",
                },
            ),
        },
    },
]
