[
    FunctionClass {
        info: Info {
            start_ln_and_col: (
                3,
                1,
            ),
            end_ln_and_col: (
                5,
                2,
            ),
        },
        name: "main",
        members: [
            ValueFunclet {
                info: Info {
                    start_ln_and_col: (
                        3,
                        1,
                    ),
                    end_ln_and_col: (
                        5,
                        2,
                    ),
                },
                name: "main",
                input: [],
                output: Some(
                    (
                        None,
                        Num(
                            I32,
                        ),
                    ),
                ),
                statements: [
                    Assign {
                        info: Info {
                            start_ln_and_col: (
                                4,
                                5,
                            ),
                            end_ln_and_col: (
                                4,
                                12,
                            ),
                        },
                        lhs: [
                            (
                                "a",
                                None,
                            ),
                        ],
                        rhs: Term(
                            Lit {
                                info: Info {
                                    start_ln_and_col: (
                                        4,
                                        10,
                                    ),
                                    end_ln_and_col: (
                                        4,
                                        12,
                                    ),
                                },
                                lit: Int(
                                    "10",
                                ),
                            },
                        ),
                    },
                ],
            },
        ],
    },
    FunctionClass {
        info: Info {
            start_ln_and_col: (
                7,
                1,
            ),
            end_ln_and_col: (
                9,
                2,
            ),
        },
        name: "foo",
        members: [
            ValueFunclet {
                info: Info {
                    start_ln_and_col: (
                        7,
                        1,
                    ),
                    end_ln_and_col: (
                        9,
                        2,
                    ),
                },
                name: "foo",
                input: [
                    (
                        "a",
                        Num(
                            I32,
                        ),
                    ),
                ],
                output: Some(
                    (
                        None,
                        Num(
                            I64,
                        ),
                    ),
                ),
                statements: [
                    Assign {
                        info: Info {
                            start_ln_and_col: (
                                8,
                                5,
                            ),
                            end_ln_and_col: (
                                8,
                                12,
                            ),
                        },
                        lhs: [
                            (
                                "b",
                                None,
                            ),
                        ],
                        rhs: Term(
                            Lit {
                                info: Info {
                                    start_ln_and_col: (
                                        8,
                                        10,
                                    ),
                                    end_ln_and_col: (
                                        8,
                                        12,
                                    ),
                                },
                                lit: Int(
                                    "20",
                                ),
                            },
                        ),
                    },
                ],
            },
        ],
    },
    FunctionClass {
        info: Info {
            start_ln_and_col: (
                11,
                1,
            ),
            end_ln_and_col: (
                11,
                31,
            ),
        },
        name: "bar",
        members: [
            Extern {
                info: Info {
                    start_ln_and_col: (
                        11,
                        1,
                    ),
                    end_ln_and_col: (
                        11,
                        31,
                    ),
                },
                name: "bar",
                device: "gpu",
                pure: false,
                input: [
                    (
                        Some(
                            "a",
                        ),
                        Num(
                            I32,
                        ),
                    ),
                ],
                output: Some(
                    (
                        None,
                        Num(
                            I64,
                        ),
                    ),
                ),
                def: None,
            },
        ],
    },
    FunctionClass {
        info: Info {
            start_ln_and_col: (
                13,
                1,
            ),
            end_ln_and_col: (
                19,
                2,
            ),
        },
        name: "baz",
        members: [
            ValueFunclet {
                info: Info {
                    start_ln_and_col: (
                        14,
                        5,
                    ),
                    end_ln_and_col: (
                        16,
                        6,
                    ),
                },
                name: "bb",
                input: [
                    (
                        "g",
                        Num(
                            I32,
                        ),
                    ),
                    (
                        "h",
                        Num(
                            I32,
                        ),
                    ),
                    (
                        "z",
                        Num(
                            I32,
                        ),
                    ),
                ],
                output: Some(
                    (
                        None,
                        Num(
                            I64,
                        ),
                    ),
                ),
                statements: [],
            },
            Extern {
                info: Info {
                    start_ln_and_col: (
                        18,
                        5,
                    ),
                    end_ln_and_col: (
                        18,
                        50,
                    ),
                },
                name: "bc",
                device: "cpu",
                pure: false,
                input: [
                    (
                        Some(
                            "g",
                        ),
                        Num(
                            I32,
                        ),
                    ),
                    (
                        Some(
                            "h",
                        ),
                        Num(
                            I32,
                        ),
                    ),
                    (
                        Some(
                            "z",
                        ),
                        Num(
                            I32,
                        ),
                    ),
                ],
                output: Some(
                    (
                        None,
                        Num(
                            I64,
                        ),
                    ),
                ),
                def: None,
            },
        ],
    },
]
